Indexing dataset...
Indexed 55076 samples.
Start training on cuda with 55076 samples...
Epoch 1, Batch 0, Loss: 0.356534, InitErr: 0.0448m, RefineErr: 1.1463m
Epoch 1, Batch 5, Loss: 0.298911, InitErr: 0.0471m, RefineErr: 1.1214m
Epoch 1, Batch 10, Loss: 0.115337, InitErr: 0.0500m, RefineErr: 0.3084m
Epoch 1, Batch 15, Loss: 0.092187, InitErr: 0.0515m, RefineErr: 0.2903m
Epoch 1, Batch 20, Loss: 0.050491, InitErr: 0.0422m, RefineErr: 0.1242m
Epoch 1, Batch 25, Loss: 0.040153, InitErr: 0.0470m, RefineErr: 0.1055m
Epoch 1, Batch 30, Loss: 0.040217, InitErr: 0.0446m, RefineErr: 0.0938m
Epoch 1, Batch 35, Loss: 0.027782, InitErr: 0.0364m, RefineErr: 0.0663m
Epoch 1, Batch 40, Loss: 0.031249, InitErr: 0.0451m, RefineErr: 0.0774m
Epoch 1, Batch 45, Loss: 0.025479, InitErr: 0.0379m, RefineErr: 0.0563m
Epoch 1, Batch 50, Loss: 0.026770, InitErr: 0.0420m, RefineErr: 0.0617m
Epoch 1, Batch 55, Loss: 0.025250, InitErr: 0.0396m, RefineErr: 0.0580m
Epoch 1, Batch 60, Loss: 0.027915, InitErr: 0.0426m, RefineErr: 0.0663m
Epoch 1, Batch 65, Loss: 0.025213, InitErr: 0.0419m, RefineErr: 0.0595m
Epoch 1, Batch 70, Loss: 0.025339, InitErr: 0.0419m, RefineErr: 0.0576m
Epoch 1, Batch 75, Loss: 0.023523, InitErr: 0.0383m, RefineErr: 0.0536m
Epoch 1, Batch 80, Loss: 0.029409, InitErr: 0.0527m, RefineErr: 0.0650m
Epoch 1, Batch 85, Loss: 0.028326, InitErr: 0.0471m, RefineErr: 0.0646m
Epoch 1, Batch 90, Loss: 0.021118, InitErr: 0.0363m, RefineErr: 0.0477m
Epoch 1, Batch 95, Loss: 0.022936, InitErr: 0.0376m, RefineErr: 0.0537m
Epoch 1, Batch 100, Loss: 0.028376, InitErr: 0.0523m, RefineErr: 0.0631m
Epoch 1, Batch 105, Loss: 0.024892, InitErr: 0.0429m, RefineErr: 0.0547m
Epoch 1, Batch 110, Loss: 0.030209, InitErr: 0.0522m, RefineErr: 0.0707m
Epoch 1, Batch 115, Loss: 0.026104, InitErr: 0.0453m, RefineErr: 0.0621m
Epoch 1, Batch 120, Loss: 0.025434, InitErr: 0.0368m, RefineErr: 0.0625m
Epoch 1, Batch 125, Loss: 0.033309, InitErr: 0.0505m, RefineErr: 0.0822m
Epoch 1, Batch 130, Loss: 0.039449, InitErr: 0.0594m, RefineErr: 0.1044m
Epoch 1, Batch 135, Loss: 0.027898, InitErr: 0.0464m, RefineErr: 0.0686m
Epoch 1, Batch 140, Loss: 0.025444, InitErr: 0.0431m, RefineErr: 0.0617m
Epoch 1, Batch 145, Loss: 0.028865, InitErr: 0.0448m, RefineErr: 0.0690m
Epoch 1, Batch 150, Loss: 0.025135, InitErr: 0.0398m, RefineErr: 0.0613m
Epoch 1, Batch 155, Loss: 0.025529, InitErr: 0.0440m, RefineErr: 0.0569m
Epoch 1, Batch 160, Loss: 0.028872, InitErr: 0.0483m, RefineErr: 0.0680m
Epoch 1, Batch 165, Loss: 0.022595, InitErr: 0.0366m, RefineErr: 0.0528m
Epoch 1, Batch 170, Loss: 0.024664, InitErr: 0.0435m, RefineErr: 0.0573m
Epoch 1, Batch 175, Loss: 0.024290, InitErr: 0.0468m, RefineErr: 0.0523m
Epoch 1, Batch 180, Loss: 0.022368, InitErr: 0.0396m, RefineErr: 0.0494m
Epoch 1, Batch 185, Loss: 0.026442, InitErr: 0.0498m, RefineErr: 0.0583m
Epoch 1, Batch 190, Loss: 0.025734, InitErr: 0.0471m, RefineErr: 0.0562m
Epoch 1, Batch 195, Loss: 0.025174, InitErr: 0.0452m, RefineErr: 0.0552m
Epoch 1, Batch 200, Loss: 0.025859, InitErr: 0.0497m, RefineErr: 0.0556m
Epoch 1, Batch 205, Loss: 0.024933, InitErr: 0.0475m, RefineErr: 0.0560m
Epoch 1, Batch 210, Loss: 0.023122, InitErr: 0.0434m, RefineErr: 0.0517m
Epoch 1, Batch 215, Loss: 0.019297, InitErr: 0.0362m, RefineErr: 0.0432m
Epoch 1, Batch 220, Loss: 0.031866, InitErr: 0.0553m, RefineErr: 0.0767m
Epoch 1, Batch 225, Loss: 0.025228, InitErr: 0.0500m, RefineErr: 0.0558m
Epoch 1, Batch 230, Loss: 0.030698, InitErr: 0.0461m, RefineErr: 0.0739m
Epoch 1, Batch 235, Loss: 0.023210, InitErr: 0.0418m, RefineErr: 0.0552m
Epoch 1, Batch 240, Loss: 0.025582, InitErr: 0.0445m, RefineErr: 0.0590m
Epoch 1, Batch 245, Loss: 0.025366, InitErr: 0.0472m, RefineErr: 0.0590m
Epoch 1, Batch 250, Loss: 0.024836, InitErr: 0.0464m, RefineErr: 0.0576m
Epoch 1, Batch 255, Loss: 0.021957, InitErr: 0.0409m, RefineErr: 0.0494m
Epoch 1, Batch 260, Loss: 0.023891, InitErr: 0.0386m, RefineErr: 0.0523m
Epoch 1, Batch 265, Loss: 0.021015, InitErr: 0.0372m, RefineErr: 0.0509m
Epoch 1, Batch 270, Loss: 0.025150, InitErr: 0.0417m, RefineErr: 0.0590m
Epoch 1, Batch 275, Loss: 0.020084, InitErr: 0.0377m, RefineErr: 0.0456m
Epoch 1, Batch 280, Loss: 0.022983, InitErr: 0.0400m, RefineErr: 0.0511m
Epoch 1, Batch 285, Loss: 0.024339, InitErr: 0.0458m, RefineErr: 0.0535m
Epoch 1, Batch 290, Loss: 0.022400, InitErr: 0.0421m, RefineErr: 0.0502m
Epoch 1, Batch 295, Loss: 0.024280, InitErr: 0.0445m, RefineErr: 0.0540m
Epoch 1, Batch 300, Loss: 0.016893, InitErr: 0.0313m, RefineErr: 0.0377m
Epoch 1, Batch 305, Loss: 0.021025, InitErr: 0.0395m, RefineErr: 0.0457m
Epoch 1, Batch 310, Loss: 0.024456, InitErr: 0.0500m, RefineErr: 0.0529m
Epoch 1, Batch 315, Loss: 0.025859, InitErr: 0.0482m, RefineErr: 0.0574m
Epoch 1, Batch 320, Loss: 0.022353, InitErr: 0.0396m, RefineErr: 0.0491m
Epoch 1, Batch 325, Loss: 0.025298, InitErr: 0.0498m, RefineErr: 0.0556m
Epoch 1, Batch 330, Loss: 0.023624, InitErr: 0.0456m, RefineErr: 0.0510m
Epoch 1, Batch 335, Loss: 0.025626, InitErr: 0.0493m, RefineErr: 0.0613m
Epoch 1, Batch 340, Loss: 0.021816, InitErr: 0.0423m, RefineErr: 0.0465m
Epoch 1, Batch 345, Loss: 0.018369, InitErr: 0.0350m, RefineErr: 0.0390m
Epoch 1, Batch 350, Loss: 0.024045, InitErr: 0.0468m, RefineErr: 0.0512m
Epoch 1, Batch 355, Loss: 0.021384, InitErr: 0.0406m, RefineErr: 0.0454m
Epoch 1, Batch 360, Loss: 0.020485, InitErr: 0.0394m, RefineErr: 0.0453m
Epoch 1, Batch 365, Loss: 0.024850, InitErr: 0.0483m, RefineErr: 0.0531m
Epoch 1, Batch 370, Loss: 0.020833, InitErr: 0.0382m, RefineErr: 0.0475m
Epoch 1, Batch 375, Loss: 0.023052, InitErr: 0.0450m, RefineErr: 0.0501m
Epoch 1, Batch 380, Loss: 0.023028, InitErr: 0.0465m, RefineErr: 0.0484m
Epoch 1, Batch 385, Loss: 0.023413, InitErr: 0.0470m, RefineErr: 0.0501m
Epoch 1, Batch 390, Loss: 0.025970, InitErr: 0.0523m, RefineErr: 0.0554m
Epoch 1, Batch 395, Loss: 0.025738, InitErr: 0.0483m, RefineErr: 0.0543m
Epoch 1, Batch 400, Loss: 0.028302, InitErr: 0.0566m, RefineErr: 0.0605m
Epoch 1, Batch 405, Loss: 0.023721, InitErr: 0.0474m, RefineErr: 0.0497m
Epoch 1, Batch 410, Loss: 0.020594, InitErr: 0.0410m, RefineErr: 0.0435m
Epoch 1, Batch 415, Loss: 0.025143, InitErr: 0.0486m, RefineErr: 0.0540m
Epoch 1, Batch 420, Loss: 0.021985, InitErr: 0.0412m, RefineErr: 0.0462m
Epoch 1, Batch 425, Loss: 0.028237, InitErr: 0.0568m, RefineErr: 0.0599m
Epoch 1, Batch 430, Loss: 0.020324, InitErr: 0.0394m, RefineErr: 0.0463m
Epoch 1, Batch 435, Loss: 0.023864, InitErr: 0.0496m, RefineErr: 0.0519m
Epoch 1, Batch 440, Loss: 0.022859, InitErr: 0.0449m, RefineErr: 0.0485m
Epoch 1, Batch 445, Loss: 0.024587, InitErr: 0.0480m, RefineErr: 0.0513m
Epoch 1, Batch 450, Loss: 0.020685, InitErr: 0.0396m, RefineErr: 0.0458m
Epoch 1, Batch 455, Loss: 0.022301, InitErr: 0.0441m, RefineErr: 0.0500m
Epoch 1, Batch 460, Loss: 0.021851, InitErr: 0.0414m, RefineErr: 0.0467m
Epoch 1, Batch 465, Loss: 0.022734, InitErr: 0.0467m, RefineErr: 0.0478m
Epoch 1, Batch 470, Loss: 0.025996, InitErr: 0.0500m, RefineErr: 0.0589m
Epoch 1, Batch 475, Loss: 0.027692, InitErr: 0.0529m, RefineErr: 0.0632m
Epoch 1, Batch 480, Loss: 0.027368, InitErr: 0.0516m, RefineErr: 0.0617m
Epoch 1, Batch 485, Loss: 0.019917, InitErr: 0.0392m, RefineErr: 0.0448m
Epoch 1, Batch 490, Loss: 0.024184, InitErr: 0.0491m, RefineErr: 0.0521m
Epoch 1, Batch 495, Loss: 0.022522, InitErr: 0.0455m, RefineErr: 0.0480m
Epoch 1, Batch 500, Loss: 0.019645, InitErr: 0.0382m, RefineErr: 0.0419m
Epoch 1, Batch 505, Loss: 0.025775, InitErr: 0.0506m, RefineErr: 0.0538m
Epoch 1, Batch 510, Loss: 0.019602, InitErr: 0.0392m, RefineErr: 0.0410m
Epoch 1, Batch 515, Loss: 0.020279, InitErr: 0.0390m, RefineErr: 0.0426m
Epoch 1, Batch 520, Loss: 0.022067, InitErr: 0.0445m, RefineErr: 0.0447m
Epoch 1, Batch 525, Loss: 0.020280, InitErr: 0.0401m, RefineErr: 0.0440m
Epoch 1, Batch 530, Loss: 0.023596, InitErr: 0.0458m, RefineErr: 0.0533m
Epoch 1, Batch 535, Loss: 0.023243, InitErr: 0.0419m, RefineErr: 0.0545m
Epoch 1, Batch 540, Loss: 0.021913, InitErr: 0.0420m, RefineErr: 0.0493m
Epoch 1, Batch 545, Loss: 0.026060, InitErr: 0.0509m, RefineErr: 0.0597m
Epoch 1, Batch 550, Loss: 0.020226, InitErr: 0.0377m, RefineErr: 0.0441m
Epoch 1, Batch 555, Loss: 0.017899, InitErr: 0.0348m, RefineErr: 0.0400m
Indexing dataset...
Indexed 55076 samples.
Start training on cuda with 55076 samples...
Epoch 1, Batch 0, Loss: 0.429121, InitErr: 0.0489m, RefineErr: 1.2191m
Epoch 1, Batch 5, Loss: 0.258811, InitErr: 0.0511m, RefineErr: 0.7298m
Epoch 1, Batch 10, Loss: 0.135541, InitErr: 0.0455m, RefineErr: 0.3923m
Epoch 1, Batch 15, Loss: 0.064733, InitErr: 0.0429m, RefineErr: 0.1757m
Epoch 1, Batch 20, Loss: 0.073503, InitErr: 0.0470m, RefineErr: 0.2205m
Epoch 1, Batch 25, Loss: 0.049091, InitErr: 0.0410m, RefineErr: 0.1738m
Epoch 1, Batch 30, Loss: 0.039453, InitErr: 0.0465m, RefineErr: 0.0953m
Epoch 1, Batch 35, Loss: 0.038079, InitErr: 0.0394m, RefineErr: 0.1124m
Epoch 1, Batch 40, Loss: 0.034365, InitErr: 0.0404m, RefineErr: 0.0816m
Epoch 1, Batch 45, Loss: 0.033275, InitErr: 0.0441m, RefineErr: 0.0837m
Epoch 1, Batch 50, Loss: 0.032647, InitErr: 0.0489m, RefineErr: 0.0764m
Epoch 1, Batch 55, Loss: 0.029303, InitErr: 0.0407m, RefineErr: 0.0698m
Epoch 1, Batch 60, Loss: 0.029817, InitErr: 0.0466m, RefineErr: 0.0675m
Epoch 1, Batch 65, Loss: 0.029342, InitErr: 0.0461m, RefineErr: 0.0658m
Epoch 1, Batch 70, Loss: 0.028502, InitErr: 0.0436m, RefineErr: 0.0662m
Epoch 1, Batch 75, Loss: 0.025535, InitErr: 0.0400m, RefineErr: 0.0589m
Epoch 1, Batch 80, Loss: 0.029297, InitErr: 0.0516m, RefineErr: 0.0663m
Epoch 1, Batch 85, Loss: 0.029093, InitErr: 0.0390m, RefineErr: 0.0731m
Epoch 1, Batch 90, Loss: 0.034439, InitErr: 0.0522m, RefineErr: 0.0838m
Epoch 1, Batch 95, Loss: 0.027179, InitErr: 0.0439m, RefineErr: 0.0635m
Epoch 1, Batch 100, Loss: 0.026842, InitErr: 0.0419m, RefineErr: 0.0681m
Epoch 1, Batch 105, Loss: 0.025329, InitErr: 0.0341m, RefineErr: 0.0652m
Epoch 1, Batch 110, Loss: 0.034731, InitErr: 0.0601m, RefineErr: 0.0783m
Epoch 1, Batch 115, Loss: 0.028095, InitErr: 0.0477m, RefineErr: 0.0637m
Epoch 1, Batch 120, Loss: 0.028684, InitErr: 0.0523m, RefineErr: 0.0629m
Epoch 1, Batch 125, Loss: 0.028414, InitErr: 0.0530m, RefineErr: 0.0639m
Epoch 1, Batch 130, Loss: 0.025671, InitErr: 0.0456m, RefineErr: 0.0614m
Epoch 1, Batch 135, Loss: 0.027201, InitErr: 0.0491m, RefineErr: 0.0609m
Epoch 1, Batch 140, Loss: 0.023133, InitErr: 0.0402m, RefineErr: 0.0500m
Epoch 1, Batch 145, Loss: 0.027715, InitErr: 0.0531m, RefineErr: 0.0610m
Epoch 1, Batch 150, Loss: 0.027182, InitErr: 0.0488m, RefineErr: 0.0650m
Epoch 1, Batch 155, Loss: 0.022943, InitErr: 0.0371m, RefineErr: 0.0573m
Epoch 1, Batch 160, Loss: 0.025135, InitErr: 0.0459m, RefineErr: 0.0567m
Epoch 1, Batch 165, Loss: 0.027785, InitErr: 0.0507m, RefineErr: 0.0594m
Epoch 1, Batch 170, Loss: 0.029287, InitErr: 0.0555m, RefineErr: 0.0654m
Epoch 1, Batch 175, Loss: 0.024962, InitErr: 0.0454m, RefineErr: 0.0580m
Epoch 1, Batch 180, Loss: 0.024350, InitErr: 0.0464m, RefineErr: 0.0534m
Epoch 1, Batch 185, Loss: 0.024834, InitErr: 0.0458m, RefineErr: 0.0537m
Epoch 1, Batch 190, Loss: 0.026423, InitErr: 0.0507m, RefineErr: 0.0572m
Epoch 1, Batch 195, Loss: 0.023889, InitErr: 0.0437m, RefineErr: 0.0560m
Epoch 1, Batch 200, Loss: 0.027930, InitErr: 0.0514m, RefineErr: 0.0648m
Epoch 1, Batch 205, Loss: 0.025567, InitErr: 0.0480m, RefineErr: 0.0618m
Epoch 1, Batch 210, Loss: 0.030277, InitErr: 0.0583m, RefineErr: 0.0684m
Epoch 1, Batch 215, Loss: 0.029302, InitErr: 0.0549m, RefineErr: 0.0724m
Epoch 1, Batch 220, Loss: 0.023750, InitErr: 0.0422m, RefineErr: 0.0551m
Epoch 1, Batch 225, Loss: 0.023534, InitErr: 0.0378m, RefineErr: 0.0608m
Epoch 1, Batch 230, Loss: 0.022875, InitErr: 0.0394m, RefineErr: 0.0512m
Epoch 1, Batch 235, Loss: 0.022608, InitErr: 0.0421m, RefineErr: 0.0502m
Epoch 1, Batch 240, Loss: 0.019487, InitErr: 0.0344m, RefineErr: 0.0450m
Epoch 1, Batch 245, Loss: 0.021265, InitErr: 0.0379m, RefineErr: 0.0522m
Epoch 1, Batch 250, Loss: 0.024130, InitErr: 0.0454m, RefineErr: 0.0540m
Epoch 1, Batch 255, Loss: 0.025888, InitErr: 0.0517m, RefineErr: 0.0556m
Epoch 1, Batch 260, Loss: 0.022519, InitErr: 0.0426m, RefineErr: 0.0520m
Epoch 1, Batch 265, Loss: 0.019807, InitErr: 0.0373m, RefineErr: 0.0438m
Epoch 1, Batch 270, Loss: 0.026291, InitErr: 0.0497m, RefineErr: 0.0590m
Epoch 1, Batch 275, Loss: 0.025145, InitErr: 0.0482m, RefineErr: 0.0592m
Epoch 1, Batch 280, Loss: 0.024336, InitErr: 0.0460m, RefineErr: 0.0551m
Epoch 1, Batch 285, Loss: 0.024085, InitErr: 0.0445m, RefineErr: 0.0557m
Epoch 1, Batch 290, Loss: 0.026134, InitErr: 0.0514m, RefineErr: 0.0543m
Epoch 1, Batch 295, Loss: 0.019111, InitErr: 0.0358m, RefineErr: 0.0418m
Epoch 1, Batch 300, Loss: 0.023509, InitErr: 0.0453m, RefineErr: 0.0512m
Epoch 1, Batch 305, Loss: 0.021112, InitErr: 0.0421m, RefineErr: 0.0476m
Epoch 1, Batch 310, Loss: 0.020659, InitErr: 0.0403m, RefineErr: 0.0455m
Epoch 1, Batch 315, Loss: 0.022566, InitErr: 0.0434m, RefineErr: 0.0498m
Epoch 1, Batch 320, Loss: 0.026025, InitErr: 0.0510m, RefineErr: 0.0562m
Epoch 1, Batch 325, Loss: 0.024113, InitErr: 0.0466m, RefineErr: 0.0527m
Epoch 1, Batch 330, Loss: 0.025038, InitErr: 0.0443m, RefineErr: 0.0548m
Epoch 1, Batch 335, Loss: 0.022175, InitErr: 0.0391m, RefineErr: 0.0603m
Epoch 1, Batch 340, Loss: 0.024917, InitErr: 0.0493m, RefineErr: 0.0534m
Epoch 1, Batch 345, Loss: 0.025714, InitErr: 0.0486m, RefineErr: 0.0576m
Epoch 1, Batch 350, Loss: 0.020598, InitErr: 0.0409m, RefineErr: 0.0460m
Epoch 1, Batch 355, Loss: 0.024968, InitErr: 0.0488m, RefineErr: 0.0546m
Epoch 1, Batch 360, Loss: 0.023177, InitErr: 0.0398m, RefineErr: 0.0545m
Epoch 1, Batch 365, Loss: 0.023353, InitErr: 0.0460m, RefineErr: 0.0541m
Epoch 1, Batch 370, Loss: 0.020939, InitErr: 0.0397m, RefineErr: 0.0441m
Epoch 1, Batch 375, Loss: 0.021020, InitErr: 0.0403m, RefineErr: 0.0455m
Epoch 1, Batch 380, Loss: 0.022584, InitErr: 0.0442m, RefineErr: 0.0489m
Epoch 1, Batch 385, Loss: 0.026107, InitErr: 0.0488m, RefineErr: 0.0605m
Epoch 1, Batch 390, Loss: 0.025543, InitErr: 0.0490m, RefineErr: 0.0595m
Epoch 1, Batch 395, Loss: 0.020614, InitErr: 0.0401m, RefineErr: 0.0448m
Epoch 1, Batch 400, Loss: 0.025866, InitErr: 0.0512m, RefineErr: 0.0554m
Epoch 1, Batch 405, Loss: 0.022373, InitErr: 0.0419m, RefineErr: 0.0506m
Epoch 1, Batch 410, Loss: 0.023393, InitErr: 0.0465m, RefineErr: 0.0517m
Epoch 1, Batch 415, Loss: 0.020026, InitErr: 0.0397m, RefineErr: 0.0414m
Epoch 1, Batch 420, Loss: 0.026387, InitErr: 0.0533m, RefineErr: 0.0556m
Epoch 1, Batch 425, Loss: 0.025672, InitErr: 0.0496m, RefineErr: 0.0566m
Epoch 1, Batch 430, Loss: 0.019882, InitErr: 0.0346m, RefineErr: 0.0475m
Epoch 1, Batch 435, Loss: 0.025165, InitErr: 0.0515m, RefineErr: 0.0537m
Epoch 1, Batch 440, Loss: 0.023065, InitErr: 0.0413m, RefineErr: 0.0492m
Epoch 1, Batch 445, Loss: 0.025893, InitErr: 0.0513m, RefineErr: 0.0562m
Epoch 1, Batch 450, Loss: 0.025390, InitErr: 0.0494m, RefineErr: 0.0582m
Epoch 1, Batch 455, Loss: 0.022096, InitErr: 0.0426m, RefineErr: 0.0499m
Epoch 1, Batch 460, Loss: 0.025330, InitErr: 0.0530m, RefineErr: 0.0548m
Epoch 1, Batch 465, Loss: 0.018161, InitErr: 0.0357m, RefineErr: 0.0382m
Epoch 1, Batch 470, Loss: 0.024276, InitErr: 0.0461m, RefineErr: 0.0570m
Epoch 1, Batch 475, Loss: 0.020243, InitErr: 0.0392m, RefineErr: 0.0458m
Epoch 1, Batch 480, Loss: 0.024022, InitErr: 0.0460m, RefineErr: 0.0556m
Epoch 1, Batch 485, Loss: 0.027464, InitErr: 0.0558m, RefineErr: 0.0582m
Epoch 1, Batch 490, Loss: 0.020149, InitErr: 0.0397m, RefineErr: 0.0436m
Epoch 1, Batch 495, Loss: 0.023898, InitErr: 0.0494m, RefineErr: 0.0505m
Epoch 1, Batch 500, Loss: 0.022507, InitErr: 0.0442m, RefineErr: 0.0484m
Epoch 1, Batch 505, Loss: 0.022676, InitErr: 0.0464m, RefineErr: 0.0484m
Epoch 1, Batch 510, Loss: 0.026742, InitErr: 0.0514m, RefineErr: 0.0587m
Epoch 1, Batch 515, Loss: 0.024812, InitErr: 0.0518m, RefineErr: 0.0525m
Epoch 1, Batch 520, Loss: 0.018283, InitErr: 0.0347m, RefineErr: 0.0395m
Epoch 1, Batch 525, Loss: 0.019680, InitErr: 0.0386m, RefineErr: 0.0463m
Epoch 1, Batch 530, Loss: 0.020360, InitErr: 0.0401m, RefineErr: 0.0489m
Epoch 1, Batch 535, Loss: 0.022039, InitErr: 0.0420m, RefineErr: 0.0448m
Epoch 1, Batch 540, Loss: 0.025535, InitErr: 0.0517m, RefineErr: 0.0558m
Epoch 1, Batch 545, Loss: 0.022520, InitErr: 0.0456m, RefineErr: 0.0476m
Epoch 1, Batch 550, Loss: 0.018520, InitErr: 0.0351m, RefineErr: 0.0418m
Epoch 1, Batch 555, Loss: 0.023430, InitErr: 0.0469m, RefineErr: 0.0512m
Epoch 1, Batch 560, Loss: 0.024576, InitErr: 0.0432m, RefineErr: 0.0584m
Epoch 1, Batch 565, Loss: 0.021170, InitErr: 0.0425m, RefineErr: 0.0481m
Epoch 1, Batch 570, Loss: 0.023704, InitErr: 0.0466m, RefineErr: 0.0505m
Epoch 1, Batch 575, Loss: 0.023709, InitErr: 0.0469m, RefineErr: 0.0520m
Epoch 1, Batch 580, Loss: 0.019624, InitErr: 0.0385m, RefineErr: 0.0454m
Epoch 1, Batch 585, Loss: 0.021804, InitErr: 0.0413m, RefineErr: 0.0475m
Epoch 1, Batch 590, Loss: 0.021244, InitErr: 0.0400m, RefineErr: 0.0536m
Epoch 1, Batch 595, Loss: 0.024153, InitErr: 0.0460m, RefineErr: 0.0564m
Epoch 1, Batch 600, Loss: 0.024813, InitErr: 0.0500m, RefineErr: 0.0548m
Epoch 1, Batch 605, Loss: 0.020079, InitErr: 0.0392m, RefineErr: 0.0447m
Epoch 1, Batch 610, Loss: 0.024675, InitErr: 0.0486m, RefineErr: 0.0529m
Epoch 1, Batch 615, Loss: 0.023475, InitErr: 0.0459m, RefineErr: 0.0503m
Epoch 1, Batch 620, Loss: 0.023704, InitErr: 0.0473m, RefineErr: 0.0494m
Epoch 1, Batch 625, Loss: 0.020368, InitErr: 0.0393m, RefineErr: 0.0452m
Epoch 1, Batch 630, Loss: 0.022839, InitErr: 0.0455m, RefineErr: 0.0490m
Epoch 1, Batch 635, Loss: 0.021206, InitErr: 0.0418m, RefineErr: 0.0451m
Epoch 1, Batch 640, Loss: 0.025483, InitErr: 0.0498m, RefineErr: 0.0540m
Epoch 1, Batch 645, Loss: 0.020654, InitErr: 0.0397m, RefineErr: 0.0443m
Epoch 1, Batch 650, Loss: 0.023442, InitErr: 0.0454m, RefineErr: 0.0495m
Epoch 1, Batch 655, Loss: 0.022935, InitErr: 0.0456m, RefineErr: 0.0482m
Epoch 1, Batch 660, Loss: 0.020393, InitErr: 0.0406m, RefineErr: 0.0422m
Epoch 1, Batch 665, Loss: 0.020948, InitErr: 0.0401m, RefineErr: 0.0440m
Epoch 1, Batch 670, Loss: 0.022708, InitErr: 0.0437m, RefineErr: 0.0481m
Epoch 1, Batch 675, Loss: 0.022233, InitErr: 0.0408m, RefineErr: 0.0514m
Epoch 1, Batch 680, Loss: 0.022077, InitErr: 0.0444m, RefineErr: 0.0520m
Epoch 1, Batch 685, Loss: 0.018885, InitErr: 0.0374m, RefineErr: 0.0405m
Epoch 1, Batch 690, Loss: 0.018537, InitErr: 0.0361m, RefineErr: 0.0383m
Epoch 1, Batch 695, Loss: 0.015614, InitErr: 0.0314m, RefineErr: 0.0329m
Epoch 1, Batch 700, Loss: 0.018525, InitErr: 0.0377m, RefineErr: 0.0396m
Epoch 1, Batch 705, Loss: 0.026261, InitErr: 0.0507m, RefineErr: 0.0549m
Epoch 1, Batch 710, Loss: 0.027318, InitErr: 0.0552m, RefineErr: 0.0592m
Epoch 1, Batch 715, Loss: 0.023723, InitErr: 0.0452m, RefineErr: 0.0530m
Epoch 1, Batch 720, Loss: 0.018315, InitErr: 0.0346m, RefineErr: 0.0395m
Epoch 1, Batch 725, Loss: 0.022895, InitErr: 0.0419m, RefineErr: 0.0547m
Epoch 1, Batch 730, Loss: 0.022376, InitErr: 0.0450m, RefineErr: 0.0494m
Epoch 1, Batch 735, Loss: 0.022832, InitErr: 0.0434m, RefineErr: 0.0515m
Epoch 1, Batch 740, Loss: 0.019474, InitErr: 0.0384m, RefineErr: 0.0398m
Epoch 1, Batch 745, Loss: 0.024559, InitErr: 0.0484m, RefineErr: 0.0585m
Epoch 1, Batch 750, Loss: 0.025295, InitErr: 0.0444m, RefineErr: 0.0582m
Epoch 1, Batch 755, Loss: 0.021834, InitErr: 0.0403m, RefineErr: 0.0501m
Epoch 1, Batch 760, Loss: 0.021267, InitErr: 0.0420m, RefineErr: 0.0493m
Epoch 1, Batch 765, Loss: 0.019807, InitErr: 0.0404m, RefineErr: 0.0416m
Epoch 1, Batch 770, Loss: 0.018543, InitErr: 0.0371m, RefineErr: 0.0392m
Epoch 1, Batch 775, Loss: 0.024760, InitErr: 0.0499m, RefineErr: 0.0531m
Epoch 1, Batch 780, Loss: 0.020731, InitErr: 0.0381m, RefineErr: 0.0481m
Epoch 1, Batch 785, Loss: 0.018200, InitErr: 0.0355m, RefineErr: 0.0404m
Epoch 1, Batch 790, Loss: 0.019951, InitErr: 0.0410m, RefineErr: 0.0414m
Epoch 1, Batch 795, Loss: 0.023091, InitErr: 0.0466m, RefineErr: 0.0514m
Epoch 1, Batch 800, Loss: 0.023912, InitErr: 0.0475m, RefineErr: 0.0543m
Epoch 1, Batch 805, Loss: 0.023830, InitErr: 0.0449m, RefineErr: 0.0547m
Epoch 1, Batch 810, Loss: 0.021892, InitErr: 0.0421m, RefineErr: 0.0474m
Epoch 1, Batch 815, Loss: 0.023255, InitErr: 0.0488m, RefineErr: 0.0516m
Epoch 1, Batch 820, Loss: 0.021260, InitErr: 0.0392m, RefineErr: 0.0490m
Epoch 1, Batch 825, Loss: 0.024115, InitErr: 0.0461m, RefineErr: 0.0542m
Epoch 1, Batch 830, Loss: 0.019265, InitErr: 0.0345m, RefineErr: 0.0441m
Epoch 1, Batch 835, Loss: 0.020750, InitErr: 0.0384m, RefineErr: 0.0506m
Epoch 1, Batch 840, Loss: 0.020908, InitErr: 0.0390m, RefineErr: 0.0510m
Epoch 1, Batch 845, Loss: 0.024365, InitErr: 0.0493m, RefineErr: 0.0510m
Epoch 1, Batch 850, Loss: 0.024127, InitErr: 0.0483m, RefineErr: 0.0514m
Epoch 1, Batch 855, Loss: 0.022173, InitErr: 0.0428m, RefineErr: 0.0491m
Epoch 1, Batch 860, Loss: 0.024479, InitErr: 0.0510m, RefineErr: 0.0523m
Epoch 1, Batch 865, Loss: 0.018090, InitErr: 0.0368m, RefineErr: 0.0381m
Epoch 1, Batch 870, Loss: 0.025985, InitErr: 0.0522m, RefineErr: 0.0572m
Epoch 1, Batch 875, Loss: 0.024205, InitErr: 0.0470m, RefineErr: 0.0508m
Epoch 1, Batch 880, Loss: 0.022241, InitErr: 0.0444m, RefineErr: 0.0485m
Epoch 1, Batch 885, Loss: 0.021246, InitErr: 0.0399m, RefineErr: 0.0468m
Epoch 1, Batch 890, Loss: 0.026243, InitErr: 0.0539m, RefineErr: 0.0539m
Epoch 1, Batch 895, Loss: 0.023991, InitErr: 0.0490m, RefineErr: 0.0505m
Epoch 1, Batch 900, Loss: 0.027362, InitErr: 0.0551m, RefineErr: 0.0566m
Epoch 1, Batch 905, Loss: 0.022567, InitErr: 0.0461m, RefineErr: 0.0474m
Epoch 1, Batch 910, Loss: 0.020871, InitErr: 0.0419m, RefineErr: 0.0447m
Epoch 1, Batch 915, Loss: 0.016502, InitErr: 0.0339m, RefineErr: 0.0347m
Epoch 1, Batch 920, Loss: 0.015458, InitErr: 0.0315m, RefineErr: 0.0330m
Epoch 1, Batch 925, Loss: 0.017628, InitErr: 0.0350m, RefineErr: 0.0380m
Epoch 1, Batch 930, Loss: 0.022013, InitErr: 0.0450m, RefineErr: 0.0456m
Epoch 1, Batch 935, Loss: 0.024483, InitErr: 0.0506m, RefineErr: 0.0528m
Epoch 1, Batch 940, Loss: 0.019686, InitErr: 0.0403m, RefineErr: 0.0414m
Epoch 1, Batch 945, Loss: 0.022253, InitErr: 0.0450m, RefineErr: 0.0459m
Epoch 1, Batch 950, Loss: 0.026902, InitErr: 0.0551m, RefineErr: 0.0558m
Epoch 1, Batch 955, Loss: 0.020913, InitErr: 0.0440m, RefineErr: 0.0445m
Epoch 1, Batch 960, Loss: 0.020923, InitErr: 0.0422m, RefineErr: 0.0442m
Epoch 1, Batch 965, Loss: 0.023196, InitErr: 0.0457m, RefineErr: 0.0505m
Epoch 1, Batch 970, Loss: 0.018478, InitErr: 0.0360m, RefineErr: 0.0409m
Epoch 1, Batch 975, Loss: 0.019982, InitErr: 0.0389m, RefineErr: 0.0437m
Epoch 1, Batch 980, Loss: 0.021624, InitErr: 0.0424m, RefineErr: 0.0489m
Epoch 1, Batch 985, Loss: 0.027118, InitErr: 0.0543m, RefineErr: 0.0580m
Epoch 1, Batch 990, Loss: 0.021526, InitErr: 0.0447m, RefineErr: 0.0461m
Epoch 1, Batch 995, Loss: 0.020284, InitErr: 0.0399m, RefineErr: 0.0425m
Epoch 1, Batch 1000, Loss: 0.023626, InitErr: 0.0476m, RefineErr: 0.0512m
Epoch 1, Batch 1005, Loss: 0.022901, InitErr: 0.0477m, RefineErr: 0.0480m
Epoch 1, Batch 1010, Loss: 0.022226, InitErr: 0.0437m, RefineErr: 0.0460m
Epoch 1, Batch 1015, Loss: 0.021137, InitErr: 0.0424m, RefineErr: 0.0443m
Epoch 1, Batch 1020, Loss: 0.021779, InitErr: 0.0452m, RefineErr: 0.0467m
Epoch 1, Batch 1025, Loss: 0.024340, InitErr: 0.0465m, RefineErr: 0.0536m
Epoch 1, Batch 1030, Loss: 0.018701, InitErr: 0.0374m, RefineErr: 0.0402m
Epoch 1, Batch 1035, Loss: 0.022589, InitErr: 0.0455m, RefineErr: 0.0474m
Epoch 1, Batch 1040, Loss: 0.021107, InitErr: 0.0431m, RefineErr: 0.0454m
Epoch 1, Batch 1045, Loss: 0.021457, InitErr: 0.0432m, RefineErr: 0.0435m
Epoch 1, Batch 1050, Loss: 0.021663, InitErr: 0.0405m, RefineErr: 0.0471m
Epoch 1, Batch 1055, Loss: 0.022679, InitErr: 0.0440m, RefineErr: 0.0489m
Epoch 1, Batch 1060, Loss: 0.026523, InitErr: 0.0502m, RefineErr: 0.0574m
Epoch 1, Batch 1065, Loss: 0.020369, InitErr: 0.0422m, RefineErr: 0.0440m
Epoch 1, Batch 1070, Loss: 0.022656, InitErr: 0.0454m, RefineErr: 0.0485m
Epoch 1, Batch 1075, Loss: 0.020418, InitErr: 0.0408m, RefineErr: 0.0428m
Epoch 1, Batch 1080, Loss: 0.025379, InitErr: 0.0525m, RefineErr: 0.0539m
Epoch 1, Batch 1085, Loss: 0.018911, InitErr: 0.0385m, RefineErr: 0.0392m
Epoch 1, Batch 1090, Loss: 0.025783, InitErr: 0.0539m, RefineErr: 0.0543m
Epoch 1, Batch 1095, Loss: 0.027711, InitErr: 0.0578m, RefineErr: 0.0576m
Epoch 1, Batch 1100, Loss: 0.026537, InitErr: 0.0549m, RefineErr: 0.0556m
Epoch 1, Batch 1105, Loss: 0.020006, InitErr: 0.0394m, RefineErr: 0.0433m
Epoch 1, Batch 1110, Loss: 0.022213, InitErr: 0.0443m, RefineErr: 0.0458m
Epoch 1, Batch 1115, Loss: 0.019825, InitErr: 0.0396m, RefineErr: 0.0420m
Epoch 1, Batch 1120, Loss: 0.025211, InitErr: 0.0529m, RefineErr: 0.0526m
Epoch 1, Batch 1125, Loss: 0.020678, InitErr: 0.0416m, RefineErr: 0.0426m
Epoch 1, Batch 1130, Loss: 0.022134, InitErr: 0.0454m, RefineErr: 0.0470m
Epoch 1, Batch 1135, Loss: 0.025505, InitErr: 0.0529m, RefineErr: 0.0544m
Epoch 1, Batch 1140, Loss: 0.019550, InitErr: 0.0390m, RefineErr: 0.0408m
Epoch 1, Batch 1145, Loss: 0.021335, InitErr: 0.0420m, RefineErr: 0.0468m
Epoch 1, Batch 1150, Loss: 0.021205, InitErr: 0.0423m, RefineErr: 0.0446m
Epoch 1, Batch 1155, Loss: 0.020116, InitErr: 0.0409m, RefineErr: 0.0427m
Epoch 1, Batch 1160, Loss: 0.024507, InitErr: 0.0476m, RefineErr: 0.0530m
Epoch 1, Batch 1165, Loss: 0.019904, InitErr: 0.0388m, RefineErr: 0.0417m
Epoch 1, Batch 1170, Loss: 0.019068, InitErr: 0.0364m, RefineErr: 0.0424m
Epoch 1, Batch 1175, Loss: 0.022494, InitErr: 0.0454m, RefineErr: 0.0504m
Epoch 1, Batch 1180, Loss: 0.024493, InitErr: 0.0483m, RefineErr: 0.0515m
Epoch 1, Batch 1185, Loss: 0.026095, InitErr: 0.0514m, RefineErr: 0.0543m
Epoch 1, Batch 1190, Loss: 0.021972, InitErr: 0.0429m, RefineErr: 0.0477m
Epoch 1, Batch 1195, Loss: 0.019272, InitErr: 0.0371m, RefineErr: 0.0412m
Epoch 1, Batch 1200, Loss: 0.020377, InitErr: 0.0391m, RefineErr: 0.0413m
Epoch 1, Batch 1205, Loss: 0.025753, InitErr: 0.0527m, RefineErr: 0.0536m
Epoch 1, Batch 1210, Loss: 0.018556, InitErr: 0.0378m, RefineErr: 0.0384m
Epoch 1, Batch 1215, Loss: 0.026008, InitErr: 0.0525m, RefineErr: 0.0539m
Epoch 1, Batch 1220, Loss: 0.020165, InitErr: 0.0412m, RefineErr: 0.0422m
Epoch 1, Batch 1225, Loss: 0.022006, InitErr: 0.0427m, RefineErr: 0.0469m
Epoch 1, Batch 1230, Loss: 0.026242, InitErr: 0.0538m, RefineErr: 0.0531m
Epoch 1, Batch 1235, Loss: 0.022009, InitErr: 0.0431m, RefineErr: 0.0480m
Epoch 1, Batch 1240, Loss: 0.018096, InitErr: 0.0345m, RefineErr: 0.0374m
Epoch 1, Batch 1245, Loss: 0.018793, InitErr: 0.0367m, RefineErr: 0.0392m
Epoch 1, Batch 1250, Loss: 0.019927, InitErr: 0.0396m, RefineErr: 0.0407m
Epoch 1, Batch 1255, Loss: 0.025801, InitErr: 0.0520m, RefineErr: 0.0558m
Epoch 1, Batch 1260, Loss: 0.021632, InitErr: 0.0442m, RefineErr: 0.0480m
Epoch 1, Batch 1265, Loss: 0.019954, InitErr: 0.0407m, RefineErr: 0.0433m
Epoch 1, Batch 1270, Loss: 0.023688, InitErr: 0.0460m, RefineErr: 0.0506m
Epoch 1, Batch 1275, Loss: 0.025779, InitErr: 0.0514m, RefineErr: 0.0567m
Epoch 1, Batch 1280, Loss: 0.022767, InitErr: 0.0438m, RefineErr: 0.0492m
Epoch 1, Batch 1285, Loss: 0.022248, InitErr: 0.0419m, RefineErr: 0.0509m
Epoch 1, Batch 1290, Loss: 0.027584, InitErr: 0.0550m, RefineErr: 0.0632m
Epoch 1, Batch 1295, Loss: 0.017085, InitErr: 0.0337m, RefineErr: 0.0346m
Epoch 1, Batch 1300, Loss: 0.019886, InitErr: 0.0394m, RefineErr: 0.0406m
Epoch 1, Batch 1305, Loss: 0.019037, InitErr: 0.0364m, RefineErr: 0.0409m
Epoch 1, Batch 1310, Loss: 0.024867, InitErr: 0.0500m, RefineErr: 0.0519m
Epoch 1, Batch 1315, Loss: 0.024760, InitErr: 0.0505m, RefineErr: 0.0514m
Epoch 1, Batch 1320, Loss: 0.022928, InitErr: 0.0465m, RefineErr: 0.0490m
Epoch 1, Batch 1325, Loss: 0.021487, InitErr: 0.0444m, RefineErr: 0.0452m
Epoch 1, Batch 1330, Loss: 0.018770, InitErr: 0.0369m, RefineErr: 0.0400m
Epoch 1, Batch 1335, Loss: 0.022551, InitErr: 0.0470m, RefineErr: 0.0490m
Epoch 1, Batch 1340, Loss: 0.025527, InitErr: 0.0518m, RefineErr: 0.0532m
Epoch 1, Batch 1345, Loss: 0.020961, InitErr: 0.0414m, RefineErr: 0.0443m
Epoch 1, Batch 1350, Loss: 0.020835, InitErr: 0.0399m, RefineErr: 0.0428m
Epoch 1, Batch 1355, Loss: 0.021365, InitErr: 0.0421m, RefineErr: 0.0443m
Epoch 1, Batch 1360, Loss: 0.021648, InitErr: 0.0449m, RefineErr: 0.0445m
Epoch 1, Batch 1365, Loss: 0.020411, InitErr: 0.0414m, RefineErr: 0.0424m
Epoch 1, Batch 1370, Loss: 0.024188, InitErr: 0.0465m, RefineErr: 0.0516m
Epoch 1, Batch 1375, Loss: 0.020616, InitErr: 0.0425m, RefineErr: 0.0433m
Epoch 1, Batch 1380, Loss: 0.023044, InitErr: 0.0455m, RefineErr: 0.0475m
Epoch 1, Batch 1385, Loss: 0.028852, InitErr: 0.0576m, RefineErr: 0.0599m
Epoch 1, Batch 1390, Loss: 0.021251, InitErr: 0.0431m, RefineErr: 0.0437m
Epoch 1, Batch 1395, Loss: 0.020747, InitErr: 0.0429m, RefineErr: 0.0431m
Epoch 1, Batch 1400, Loss: 0.022790, InitErr: 0.0465m, RefineErr: 0.0490m
Epoch 1, Batch 1405, Loss: 0.017134, InitErr: 0.0333m, RefineErr: 0.0368m
Epoch 1, Batch 1410, Loss: 0.019531, InitErr: 0.0385m, RefineErr: 0.0410m
Epoch 1, Batch 1415, Loss: 0.019036, InitErr: 0.0373m, RefineErr: 0.0386m
Epoch 1, Batch 1420, Loss: 0.022175, InitErr: 0.0473m, RefineErr: 0.0470m
Epoch 1, Batch 1425, Loss: 0.027789, InitErr: 0.0561m, RefineErr: 0.0578m
Epoch 1, Batch 1430, Loss: 0.028957, InitErr: 0.0579m, RefineErr: 0.0637m
Epoch 1, Batch 1435, Loss: 0.021768, InitErr: 0.0420m, RefineErr: 0.0454m
Epoch 1, Batch 1440, Loss: 0.026978, InitErr: 0.0531m, RefineErr: 0.0554m
Epoch 1, Batch 1445, Loss: 0.024996, InitErr: 0.0467m, RefineErr: 0.0585m
Epoch 1, Batch 1450, Loss: 0.018680, InitErr: 0.0361m, RefineErr: 0.0406m
Epoch 1, Batch 1455, Loss: 0.022866, InitErr: 0.0455m, RefineErr: 0.0466m
Epoch 1, Batch 1460, Loss: 0.019916, InitErr: 0.0411m, RefineErr: 0.0436m
Epoch 1, Batch 1465, Loss: 0.018773, InitErr: 0.0363m, RefineErr: 0.0411m
Epoch 1, Batch 1470, Loss: 0.025626, InitErr: 0.0494m, RefineErr: 0.0523m
Epoch 1, Batch 1475, Loss: 0.017904, InitErr: 0.0368m, RefineErr: 0.0393m
Epoch 1, Batch 1480, Loss: 0.021957, InitErr: 0.0432m, RefineErr: 0.0463m
Epoch 1, Batch 1485, Loss: 0.023683, InitErr: 0.0446m, RefineErr: 0.0528m
Epoch 1, Batch 1490, Loss: 0.022271, InitErr: 0.0442m, RefineErr: 0.0464m
Epoch 1, Batch 1495, Loss: 0.022621, InitErr: 0.0434m, RefineErr: 0.0471m
Epoch 1, Batch 1500, Loss: 0.025079, InitErr: 0.0476m, RefineErr: 0.0572m
Epoch 1, Batch 1505, Loss: 0.021167, InitErr: 0.0439m, RefineErr: 0.0448m
Epoch 1, Batch 1510, Loss: 0.022556, InitErr: 0.0470m, RefineErr: 0.0472m
Epoch 1, Batch 1515, Loss: 0.021404, InitErr: 0.0420m, RefineErr: 0.0431m
Epoch 1, Batch 1520, Loss: 0.021374, InitErr: 0.0430m, RefineErr: 0.0440m
Epoch 1, Batch 1525, Loss: 0.028726, InitErr: 0.0592m, RefineErr: 0.0606m
Epoch 1, Batch 1530, Loss: 0.020884, InitErr: 0.0425m, RefineErr: 0.0438m
Epoch 1, Batch 1535, Loss: 0.025954, InitErr: 0.0536m, RefineErr: 0.0536m
Epoch 1, Batch 1540, Loss: 0.020502, InitErr: 0.0410m, RefineErr: 0.0443m
Epoch 1, Batch 1545, Loss: 0.023701, InitErr: 0.0478m, RefineErr: 0.0518m
Epoch 1, Batch 1550, Loss: 0.022193, InitErr: 0.0423m, RefineErr: 0.0473m
Epoch 1, Batch 1555, Loss: 0.021811, InitErr: 0.0451m, RefineErr: 0.0454m
Epoch 1, Batch 1560, Loss: 0.022609, InitErr: 0.0452m, RefineErr: 0.0453m
Epoch 1, Batch 1565, Loss: 0.018331, InitErr: 0.0366m, RefineErr: 0.0389m
Epoch 1, Batch 1570, Loss: 0.019784, InitErr: 0.0404m, RefineErr: 0.0402m
Epoch 1, Batch 1575, Loss: 0.022559, InitErr: 0.0437m, RefineErr: 0.0482m
Epoch 1, Batch 1580, Loss: 0.025001, InitErr: 0.0499m, RefineErr: 0.0528m
Epoch 1, Batch 1585, Loss: 0.023868, InitErr: 0.0464m, RefineErr: 0.0515m
Epoch 1, Batch 1590, Loss: 0.021182, InitErr: 0.0416m, RefineErr: 0.0414m
Epoch 1, Batch 1595, Loss: 0.023931, InitErr: 0.0487m, RefineErr: 0.0548m
Epoch 1, Batch 1600, Loss: 0.020706, InitErr: 0.0419m, RefineErr: 0.0447m
Epoch 1, Batch 1605, Loss: 0.020235, InitErr: 0.0402m, RefineErr: 0.0420m
Epoch 1, Batch 1610, Loss: 0.020587, InitErr: 0.0403m, RefineErr: 0.0432m
Epoch 1, Batch 1615, Loss: 0.020356, InitErr: 0.0414m, RefineErr: 0.0423m
Epoch 1, Batch 1620, Loss: 0.019972, InitErr: 0.0394m, RefineErr: 0.0420m
Epoch 1, Batch 1625, Loss: 0.022156, InitErr: 0.0465m, RefineErr: 0.0467m
Epoch 1, Batch 1630, Loss: 0.020772, InitErr: 0.0426m, RefineErr: 0.0427m
Epoch 1, Batch 1635, Loss: 0.021778, InitErr: 0.0454m, RefineErr: 0.0447m
Epoch 1, Batch 1640, Loss: 0.021179, InitErr: 0.0432m, RefineErr: 0.0448m
Epoch 1, Batch 1645, Loss: 0.026653, InitErr: 0.0559m, RefineErr: 0.0578m
Epoch 1, Batch 1650, Loss: 0.021611, InitErr: 0.0428m, RefineErr: 0.0479m
Epoch 1, Batch 1655, Loss: 0.021699, InitErr: 0.0426m, RefineErr: 0.0466m
Epoch 1, Batch 1660, Loss: 0.021715, InitErr: 0.0448m, RefineErr: 0.0464m
Epoch 1, Batch 1665, Loss: 0.021202, InitErr: 0.0421m, RefineErr: 0.0427m
Epoch 1, Batch 1670, Loss: 0.023672, InitErr: 0.0480m, RefineErr: 0.0482m
Epoch 1, Batch 1675, Loss: 0.019167, InitErr: 0.0382m, RefineErr: 0.0398m
Epoch 1, Batch 1680, Loss: 0.018469, InitErr: 0.0364m, RefineErr: 0.0378m
Epoch 1, Batch 1685, Loss: 0.021281, InitErr: 0.0444m, RefineErr: 0.0469m
Epoch 1, Batch 1690, Loss: 0.019839, InitErr: 0.0389m, RefineErr: 0.0462m
Epoch 1, Batch 1695, Loss: 0.025504, InitErr: 0.0505m, RefineErr: 0.0545m
Epoch 1, Batch 1700, Loss: 0.025320, InitErr: 0.0498m, RefineErr: 0.0534m
Epoch 1, Batch 1705, Loss: 0.024256, InitErr: 0.0499m, RefineErr: 0.0506m
Epoch 1, Batch 1710, Loss: 0.023514, InitErr: 0.0484m, RefineErr: 0.0514m
Epoch 1, Batch 1715, Loss: 0.020271, InitErr: 0.0414m, RefineErr: 0.0436m
Epoch 1, Batch 1720, Loss: 0.023006, InitErr: 0.0470m, RefineErr: 0.0495m
Epoch 1/100, Loss: 0.026052, InitErr: 0.0445m, RefineErr: 0.0605m
